// Jest Snapshot v1, https://goo.gl/fbAQLP

exports[`Index user navigation component should render the component 1`] = `
<ul
  className="dropdown-content"
  id="user-control"
>
  <li>
    <a
      className="black-text"
      id="signin"
      onClick={[MockFunction]}
      role="button"
      tabIndex="0"
    >
      Sign in
      <i
        className="material-icons left"
      >
        person
      </i>
    </a>
  </li>
  <li>
    <a
      className="black-text"
      id="register"
      onClick={[MockFunction]}
      role="button"
      tabIndex="0"
    >
      Register
      <i
        className="material-icons left"
      >
        folder
      </i>
    </a>
  </li>
</ul>
`;
