// Jest Snapshot v1, https://goo.gl/fbAQLP

exports[`Recipe Image component should render the component 1`] = `
<img
  alt="Rice"
  src="recipe image URL"
/>
`;
